../Drivers/CMSIS/Include/core_cm4.h:1938:34:__NVIC_SystemReset	4	static,ignoring_inline_asm
../Core/Src/freertos.c:104:6:SPI_SetSpeed_Slow	4	static
../Core/Src/freertos.c:111:6:SPI_SetSpeed_Fast	4	static
../Core/Src/freertos.c:118:13:uart_print	16	static
../Core/Src/freertos.c:162:6:LCD_Displaytest	24	static
../Core/Src/freertos.c:191:13:LCD_DrawShutdown	40	static
../Core/Src/freertos.c:217:13:EnterStopMode	16	static
../Core/Src/freertos.c:230:13:EnterStandbyMode	16	static
../Core/Src/freertos.c:252:9:is_touch_pressed	16	static
../Core/Src/freertos.c:258:14:Read_ChipTemp	32	static
../Core/Src/freertos.c:337:13:Heat_FPU	32	static
../Core/Src/freertos.c:353:13:Heat_ALU_MEM	16	static
../Core/Src/freertos.c:371:13:Heat_Peripheral	32	static
../Core/Src/freertos.c:388:13:Heat_FlashRead	24	static
../Core/Src/freertos.c:405:13:CPU_HeatUp	8	static
../Core/Src/freertos.c:416:13:LCD_UpdateTemp	64	static
../Core/Src/freertos.c:445:6:MX_FREERTOS_Init	8	static
../Core/Src/freertos.c:505:6:StartDefaultTask	32	static
../Core/Src/freertos.c:542:6:StartTask02	48	static
../Core/Src/freertos.c:662:6:StartTask03	256	static
../Core/Src/freertos.c:834:6:HAL_GPIO_EXTI_Callback	16	static
