../Core/Src/lcd_driver.c:42:6:lcd_write_byte	16	static
../Core/Src/lcd_driver.c:54:6:lcd_write_word	24	static
../Core/Src/lcd_driver.c:65:13:lcd_write_register	16	static
../Core/Src/lcd_driver.c:74:6:lcd_set_cursor	16	static
../Core/Src/lcd_driver.c:107:6:lcd_clear_screen	32	static
../Core/Src/lcd_driver.c:137:6:lcd_write_ram_prepare	8	static
../Core/Src/lcd_driver.c:146:6:lcd_write_ram	16	static
../Core/Src/lcd_driver.c:151:6:lcd_set_window	24	static
../Core/Src/lcd_driver.c:242:6:lcd_draw_point	16	static
../Core/Src/lcd_driver.c:256:6:lcd_display_char	32	static
../Core/Src/lcd_driver.c:288:17:_pow	24	static
../Core/Src/lcd_driver.c:297:6:lcd_display_num	48	static
../Core/Src/lcd_driver.c:322:6:lcd_display_string	40	static
../Core/Src/lcd_driver.c:344:6:lcd_draw_line	56	static
../Core/Src/lcd_driver.c:371:6:lcd_draw_circle	40	static
../Core/Src/lcd_driver.c:393:6:lcd_fill_rect	32	static
../Core/Src/lcd_driver.c:409:6:lcd_draw_v_line	32	static
../Core/Src/lcd_driver.c:425:13:_swap_int16	24	static
../Core/Src/lcd_driver.c:442:6:lcd_draw_triangle	32	static
../Core/Src/lcd_driver.c:467:6:fillTriangle	88	static
../Core/Src/lcd_driver.c:549:6:lcd_fill_triangle	40	static
../Core/Src/lcd_driver.c:562:6:lcd_draw_h_line	32	static
../Core/Src/lcd_driver.c:574:6:lcd_draw_rect	24	static
../Core/Src/lcd_driver.c:587:6:setRotation	16	static
../Core/Src/lcd_driver.c:668:6:lcd_init	8	static
../Core/Src/lcd_driver.c:799:9:lcd_read_id	24	static
../Core/Src/lcd_driver.c:812:6:LCD_ShowModeStatus	24	static
