../Core/Src/stm32f4xx_it.c:73:6:NMI_Handler	4	static
../Core/Src/stm32f4xx_it.c:88:6:HardFault_Handler	4	static
../Core/Src/stm32f4xx_it.c:103:6:MemManage_Handler	4	static
../Core/Src/stm32f4xx_it.c:118:6:BusFault_Handler	4	static
../Core/Src/stm32f4xx_it.c:133:6:UsageFault_Handler	4	static
../Core/Src/stm32f4xx_it.c:148:6:DebugMon_Handler	4	static
../Core/Src/stm32f4xx_it.c:161:6:SysTick_Handler	8	static
../Core/Src/stm32f4xx_it.c:190:6:EXTI4_IRQHandler	8	static
../Core/Src/stm32f4xx_it.c:204:6:EXTI0_IRQHandler	8	static
../Core/Src/stm32f4xx_it.c:220:6:I2C2_EV_IRQHandler	8	static
../Core/Src/stm32f4xx_it.c:234:6:I2C2_ER_IRQHandler	8	static
